// Jest Snapshot v1, https://goo.gl/fbAQLP

exports[`Progress Progress page renders 1`] = `
<v-container-stub tag="div">
  <v-layout-stub tag="div" row="" wrap="">
    <v-flex-stub tag="div" xs12="">
      <p>Nothing to see here.</p>
    </v-flex-stub>
  </v-layout-stub>
</v-container-stub>
`;
