// Jest Snapshot v1, https://goo.gl/fbAQLP

exports[`Settings Settings page renders 1`] = `
<v-container-stub tag="div" viewer="[object Object]">
  <v-layout-stub tag="div" row="">
    <usersettings-stub viewer="[object Object]"></usersettings-stub>
  </v-layout-stub>
</v-container-stub>
`;
