// Jest Snapshot v1, https://goo.gl/fbAQLP

exports[`SetList.vue SetList renders 1`] = `
<p>
  No sets!
</p>
`;
