// Jest Snapshot v1, https://goo.gl/fbAQLP

exports[`WorkoutList.vue WorkoutList renders 1`] = `
<v-flex-stub tag="div">
  <v-flex-stub tag="div">
    <v-flex-stub tag="div" text-xs-center="">No workouts available! ðŸ˜ž</v-flex-stub>
  </v-flex-stub>
</v-flex-stub>
`;
